{
  "aio": {
    "master": {
      "uncompressed": {
        "runtime-es2015": 3033,
        "main-es2015": 450953,
        "polyfills-es2015": 52215
      }
    }
  },
  "aio-local": {
    "master": {
      "uncompressed": {
        "runtime-es2015": 3033,
        "main-es2015": 450955,
        "polyfills-es2015": 52215
      }
    }
  },
  "aio-local-viewengine": {
    "master": {
      "uncompressed": {
        "runtime-es2015": 3153,
        "main-es2015": 436404,
        "polyfills-es2015": 52215
      }
    }
  }
}
